// Jest Snapshot v1, https://goo.gl/fbAQLP

exports[`HomePage Component Snapshot Renders default 1`] = `
<div
  className="styles__Container-eZxbLb gPOwxP"
>
  <h1>
    <span>
      This is the HomePage container!
    </span>
  </h1>
  <button
    className="styles__Container-eZxbLb fgfewV"
    onClick={[MockFunction]}
  >
    <span>
      Log Out Action!
    </span>
  </button>
</div>
`;
